
> personal-portfolio@0.1.0 build
> next build

   ??Next.js 15.1.0

   Creating an optimized production build ...
 ??Compiled successfully
   Linting and checking validity of types ...
node.exe : 
위치 줄:1 문자:1
+ & "C:\Program Files\nodejs/node.exe" "C:\Users\PC\AppData\Roaming\npm ...
+ ~~~~~~~~~~~~~~~~~~~~~~~~~~~~~~~~~~~~~~~~~~~~~~~~~~~~~~~~~~~~~~~~~~~~~
    + CategoryInfo          : NotSpecified: (:String) [], RemoteException
    + FullyQualifiedErrorId : NativeCommandError
 
Failed to compile.

./src/components/ui/input.tsx
4:18  Error: An interface declaring no members is equivalent to its supertype.  @types
cript-eslint/no-empty-object-type

info  - Need to disable some ESLint rules? Learn more here: https://nextjs.org/docs/ap
p/api-reference/config/eslint#disabling-rules
