src/app/work/[id]/page.tsx(159,36): error TS7006: Parameter 'tag' implicitly has an 'any' type.
src/app/work/[id]/page.tsx(214,50): error TS7006: Parameter 'challenge' implicitly has an 'any' type.
src/app/work/[id]/page.tsx(214,61): error TS7006: Parameter 'i' implicitly has an 'any' type.
src/app/work/[id]/page.tsx(232,51): error TS7006: Parameter 'img' implicitly has an 'any' type.
src/components/features/admin/AdminConfigForm.tsx(201,30): error TS18047: 'config' is possibly 'null'.
src/components/features/admin/AdminProjectForm.tsx(374,29): error TS7006: Parameter 'e' implicitly has an 'any' type.
